./fix-app.sh: line 40: timeout: command not found
